
> jangwook-net@2.0.0 deploy
> node scripts/require-deploy-approval.mjs && wrangler deploy --env production


 ⛅️ wrangler 4.145.0 (update available 4.147.0)
───────────────────────────────────────────────
🌀 Building list of assets...
✨ Read 2405 files from the assets directory /private/tmp/jangwook-media-release-20261005/.svelte-kit/cloudflare
🌀 Starting asset upload...
🌀 Found 7 new or modified static assets to upload. Proceeding with upload...
+ /_app/version.json
+ /_app/immutable/nodes/1.B_w-XtPr.js
+ /_app/immutable/chunks/C_Ft8SR2.js
+ /_app/immutable/entry/start.CU8-jXTD.js
+ /_app/immutable/nodes/0.ChlIBNEP.js
+ /_app/immutable/chunks/BqESt4_b.js
+ /_app/immutable/entry/app.Bd3GaQ4N.js
Uploaded 2 of 7 assets
Uploaded 4 of 7 assets
Uploaded 7 of 7 assets
✨ Success! Uploaded 7 files (2340 already uploaded) (1.15 sec)

Total Upload: 4706.15 KiB / gzip: 836.17 KiB
Worker Startup Time: 30 ms
Your Worker has access to the following bindings:
Binding                                        Resource                  
env.LEADS_DB (jangwook-leads)                  D1 Database               
env.ASSETS                                     Assets                    
env.MAIL_MODE ("disabled")                     Environment Variable      
env.SITE_URL ("https://jangwook.net")          Environment Variable      
env.FROM_EMAIL ("materials@jangwook.net")      Environment Variable      

Uploaded www-jangwook-net (8.10 sec)
Deployed www-jangwook-net triggers (2.84 sec)
  jangwook.net (custom domain)
  www.jangwook.net (custom domain)
  schedule: 17 18 * * *
Current Version ID: eb2af18c-b9de-4440-9461-de9663bc1499
