◆  Checking ja
[hyperframes] browserGpuMode probe → hardware (WebGL renderer vendor="Google Inc. (Apple)" renderer="ANGLE (Apple, ANGLE Metal Renderer: Apple M1, Unspecified Version)")

Lint
  ◇ 0 errors, 0 warnings

Runtime
  ◇ 0 errors, 0 warnings

Layout
  ℹ t=6.25s content_overlap #meta1 > span:nth-of-type(1) inside #meta2 > span:nth-of-type(1) "WCAG 2.2 · 1.2.1" — Two text blocks overlap and may render unreadable.
        Fix: Give each block its own zone, or mark intentional layering with data-layout-allow-overlap.
  ℹ t=6.25s content_overlap #meta1 > span:nth-of-type(2) inside #meta2 > span:nth-of-type(2) "1 / 5" — Two text blocks overlap and may render unreadable.
        Fix: Give each block its own zone, or mark intentional layering with data-layout-allow-overlap.
  ℹ t=6.25s content_overlap #title1 inside #title2 "アカウント設定" — Two text blocks overlap and may render unreadable.
        Fix: Give each block its own zone, or mark intentional layering with data-layout-allow-overlap.
  ℹ t=6.25s content_overlap #body1 inside #body2 "アカウント設定：復旧コードを作成する前にログインが必要です。セキュリティを開くを選びます。" — Two text blocks overlap and may render unreadable.
        Fix: Give each block its own zone, or mark intentional layering with data-layout-allow-overlap.
  ℹ t=6.25s content_overlap #button1 inside #button2 "セキュリティを開く" — Two text blocks overlap and may render unreadable.
        Fix: Give each block its own zone, or mark intentional layering with data-layout-allow-overlap.
  ℹ t=12.25s content_overlap #meta2 > span:nth-of-type(1) inside #meta3 > span:nth-of-type(1) "WCAG 2.2 · 1.2.1" — Two text blocks overlap and may render unreadable.
        Fix: Give each block its own zone, or mark intentional layering with data-layout-allow-overlap.
  ℹ t=12.25s content_overlap #meta2 > span:nth-of-type(2) inside #meta3 > span:nth-of-type(2) "2 / 5" — Two text blocks overlap and may render unreadable.
        Fix: Give each block its own zone, or mark intentional layering with data-layout-allow-overlap.
  ℹ t=12.25s content_overlap #title2 inside #title3 "セキュリティ" — Two text blocks overlap and may render unreadable.
        Fix: Give each block its own zone, or mark intentional layering with data-layout-allow-overlap.
  ℹ t=12.25s content_overlap #body2 inside #body3 "セキュリティ：復旧コードはアカウントへのアクセス復元に使います。復旧コードの作成を選びます。" — Two text blocks overlap and may render unreadable.
        Fix: Give each block its own zone, or mark intentional layering with data-layout-allow-overlap.
  ℹ t=12.25s content_overlap #button2 inside #button3 "復旧コードを作成" — Two text blocks overlap and may render unreadable.
        Fix: Give each block its own zone, or mark intentional layering with data-layout-allow-overlap.
  ℹ t=18.25s content_overlap #meta3 > span:nth-of-type(1) inside #meta4 > span:nth-of-type(1) "WCAG 2.2 · 1.2.1" — Two text blocks overlap and may render unreadable.
        Fix: Give each block its own zone, or mark intentional layering with data-layout-allow-overlap.
  ℹ t=18.25s content_overlap #meta3 > span:nth-of-type(2) inside #meta4 > span:nth-of-type(2) "3 / 5" — Two text blocks overlap and may render unreadable.
        Fix: Give each block its own zone, or mark intentional layering with data-layout-allow-overlap.
  ℹ t=18.25s content_overlap #title3 inside #title4 "続行する前に" — Two text blocks overlap and may render unreadable.
        Fix: Give each block its own zone, or mark intentional layering with data-layout-allow-overlap.
  ℹ t=18.25s content_overlap #body3 inside #body4 "続行前：新しいコードを作成すると以前のコードは無効になります。新しいコードを確認を選びます。" — Two text blocks overlap and may render unreadable.
        Fix: Give each block its own zone, or mark intentional layering with data-layout-allow-overlap.
  ℹ t=18.25s content_overlap #button3 inside #button4 "新しいコードを確認" — Two text blocks overlap and may render unreadable.
        Fix: Give each block its own zone, or mark intentional layering with data-layout-allow-overlap.
  ℹ t=18.33s text_occluded #meta3 > span:nth-of-type(1) inside #scene4 "WCAG 2.2 · 1.2.1" — Text is hidden beneath an opaque element.
        Fix: Give the text its own zone, raise its stacking order above the covering element, or mark intentional layering with data-layout-allow-occlusion.
  ℹ t=18.33s text_occluded #meta3 > span:nth-of-type(2) inside #scene4 "3 / 5" — Text is hidden beneath an opaque element.
        Fix: Give the text its own zone, raise its stacking order above the covering element, or mark intentional layering with data-layout-allow-occlusion.
  ℹ t=18.33s text_occluded #note3 inside #scene4 > div:nth-of-type(1) > div:nth-of-type(2) "学習用の画面 · 実際のアカウントやコードはありません" — Text is hidden beneath an opaque element.
        Fix: Give the text its own zone, raise its stacking order above the covering element, or mark intentional layering with data-layout-allow-occlusion.
  ℹ t=18.33s text_occluded #title3 inside #scene4 > div:nth-of-type(1) > div:nth-of-type(2) "続行する前に" — Text is hidden beneath an opaque element.
        Fix: Give the text its own zone, raise its stacking order above the covering element, or mark intentional layering with data-layout-allow-occlusion.
  ℹ t=18.33s text_occluded #body3 inside #body4 "続行前：新しいコードを作成すると以前のコードは無効になります。新しいコードを確認を選びます。" — Text is hidden beneath an opaque element.
        Fix: Give the text its own zone, raise its stacking order above the covering element, or mark intentional layering with data-layout-allow-occlusion.
  ℹ t=18.33s text_occluded #button3 inside #button4 "新しいコードを確認" — Text is hidden beneath an opaque element.
        Fix: Give the text its own zone, raise its stacking order above the covering element, or mark intentional layering with data-layout-allow-occlusion.
  ℹ t=24.25s content_overlap #meta4 > span:nth-of-type(1) inside #meta5 > span:nth-of-type(1) "WCAG 2.2 · 1.2.1" — Two text blocks overlap and may render unreadable.
        Fix: Give each block its own zone, or mark intentional layering with data-layout-allow-overlap.
  ℹ t=24.25s content_overlap #meta4 > span:nth-of-type(2) inside #meta5 > span:nth-of-type(2) "4 / 5" — Two text blocks overlap and may render unreadable.
        Fix: Give each block its own zone, or mark intentional layering with data-layout-allow-overlap.
  ℹ t=24.25s content_overlap #title4 inside #title5 "復旧コードを作成しました" — Two text blocks overlap and may render unreadable.
        Fix: Give each block its own zone, or mark intentional layering with data-layout-allow-overlap.
  ℹ t=24.25s content_overlap #body4 inside #body5 "復旧コード作成完了：安全な場所に保存します。この例には実際のコードを表示しません。コードを保存しましたを選びます。" — Two text blocks overlap and may render unreadable.
        Fix: Give each block its own zone, or mark intentional layering with data-layout-allow-overlap.
  ℹ t=24.25s content_overlap #button4 inside #button5 "コードを保存しました" — Two text blocks overlap and may render unreadable.
        Fix: Give each block its own zone, or mark intentional layering with data-layout-allow-overlap.
  0 error(s), 0 warning(s), 26 info(s)

Motion
  ◇ 0 errors, 0 warnings

Contrast
  ◇ 30/30 text checks pass WCAG AA

Snapshots
  ◇ disabled

◇  Check passed
