
◆  Rendering ja → /tmp/jangwook-hyperframes-ja.mp4
   24fps · standard · 1 workers
   GPU: browser GPU (auto-detect)

[?25l│
◒  Checking browser[1G[J◇  Browser: cache
[?25h[INFO] [Render] Pipeline started {"renderJobId":"479451fa-4133-4f2c-8b31-cbb0a5ac362c","platform":"darwin","arch":"arm64","nodeVersion":"v26.8.1","fps":{"num":24,"den":1},"format":"mp4","quality":"standard","browserGpuMode":"auto","forceScreenshot":false,"protocolTimeout":300000,"browserTimeout":120000,"pageNavigationTimeout":60000,"playerReadyTimeout":45000}
[INFO] [Render:trace] {"renderJobId":"479451fa-4133-4f2c-8b31-cbb0a5ac362c","phase":"pipeline","status":"checkpoint","elapsedMs":2,"message":"started","format":"mp4","quality":"standard","browserGpuMode":"auto","forceScreenshot":false,"protocolTimeoutMs":300000,"pageNavigationTimeoutMs":60000,"playerReadyTimeoutMs":45000,"requestedWorkers":1}
[INFO] [Render:trace] {"renderJobId":"479451fa-4133-4f2c-8b31-cbb0a5ac362c","phase":"compile","status":"start","elapsedMs":4,"needsAlpha":false}
  █░░░░░░░░░░░░░░░░░░░░░░░░  5%  Compiling composition
[INFO] [Compiler] Inlined CDN script: https://cdn.jsdelivr.net/npm/gsap@3.14.2/dist/gsap.min.js
[INFO] Compiled composition metadata {"renderJobId":"479451fa-4133-4f2c-8b31-cbb0a5ac362c","entryFile":"index.html","staticDuration":30,"width":1280,"height":800,"videoCount":0,"audioCount":0,"renderModeHints":{"recommendScreenshot":false,"reasons":[]}}
[INFO] [Render:trace] {"renderJobId":"479451fa-4133-4f2c-8b31-cbb0a5ac362c","phase":"compile","status":"end","elapsedMs":146,"durationMs":142,"needsAlpha":false}
[INFO] [Render:trace] {"renderJobId":"479451fa-4133-4f2c-8b31-cbb0a5ac362c","phase":"compile","status":"checkpoint","elapsedMs":148,"message":"composition metadata resolved","width":1280,"height":800,"videoCount":0,"audioCount":0,"imageCount":0,"deviceScaleFactor":1,"forceScreenshot":false,"compositionHash":"bf4298ab1732e00b"}
[INFO] [Render:trace] {"renderJobId":"479451fa-4133-4f2c-8b31-cbb0a5ac362c","phase":"browser_probe","status":"start","elapsedMs":148,"forceScreenshot":false,"stagePhase":"calibrating"}
[INFO] [Render:trace] {"renderJobId":"479451fa-4133-4f2c-8b31-cbb0a5ac362c","phase":"browser_probe","status":"end","elapsedMs":192,"durationMs":44,"forceScreenshot":false,"stagePhase":"calibrating"}
[INFO] [Render:trace] {"renderJobId":"479451fa-4133-4f2c-8b31-cbb0a5ac362c","phase":"browser_probe","status":"checkpoint","elapsedMs":193,"message":"duration resolved","durationSeconds":30,"totalFrames":720,"compositionHash":"bf4298ab1732e00b","beginFrameStalled":false}
[INFO] [Render:trace] {"renderJobId":"479451fa-4133-4f2c-8b31-cbb0a5ac362c","phase":"video_extract","status":"start","elapsedMs":193,"videoCount":0}
  ██░░░░░░░░░░░░░░░░░░░░░░░  10%  Extracting video frames
[INFO] [Render:trace] {"renderJobId":"479451fa-4133-4f2c-8b31-cbb0a5ac362c","phase":"video_extract","status":"end","elapsedMs":193,"durationMs":0,"videoCount":0}
[INFO] [Render:trace] {"renderJobId":"479451fa-4133-4f2c-8b31-cbb0a5ac362c","phase":"video_extract","status":"checkpoint","elapsedMs":194,"message":"frames resolved","videoCount":0,"extractedVideoCount":0,"totalFramesExtracted":0,"maxFramesPerVideo":0,"avgFramesPerExtractedVideo":null,"vfrPreflightCount":null,"vfrPreflightMs":null,"cacheHits":null,"cacheMisses":null,"transientRetries":null,"minVideoFrameCoverageRatio":null,"authoredTimedClipCount":1}
[INFO] [Render] No HDR sources detected — rendering SDR {"renderJobId":"479451fa-4133-4f2c-8b31-cbb0a5ac362c"}
[INFO] [Render:trace] {"renderJobId":"479451fa-4133-4f2c-8b31-cbb0a5ac362c","phase":"hdr_detection","status":"checkpoint","elapsedMs":194,"message":"resolved","requestedHdrMode":"auto","effectiveHdr":"sdr","nativeHdrVideoCount":0,"nativeHdrImageCount":0}
[INFO] [Render:trace] {"renderJobId":"479451fa-4133-4f2c-8b31-cbb0a5ac362c","phase":"audio_process","status":"start","elapsedMs":194,"audioCount":0}
[INFO] [Render:trace] {"renderJobId":"479451fa-4133-4f2c-8b31-cbb0a5ac362c","phase":"audio_process","status":"end","elapsedMs":195,"durationMs":1,"audioCount":0}
  █████░░░░░░░░░░░░░░░░░░░░  20%  Processing audio tracks
[INFO] [Render:trace] {"renderJobId":"479451fa-4133-4f2c-8b31-cbb0a5ac362c","phase":"file_server","status":"start","elapsedMs":195,"reused":false}
  ██████░░░░░░░░░░░░░░░░░░░  25%  Starting frame capture
[INFO] [Render:trace] {"renderJobId":"479451fa-4133-4f2c-8b31-cbb0a5ac362c","phase":"file_server","status":"end","elapsedMs":198,"durationMs":3}
  ██████░░░░░░░░░░░░░░░░░░░  25%  Checking browser GPU
[hyperframes] browserGpuMode probe → hardware (WebGL renderer vendor="Google Inc. (Apple)" renderer="ANGLE (Apple, ANGLE Metal Renderer: Apple M1, Unspecified Version)")
[INFO] [Render:trace] {"renderJobId":"479451fa-4133-4f2c-8b31-cbb0a5ac362c","phase":"capture_calibration","status":"checkpoint","elapsedMs":789,"message":"skipped","requestedWorkers":1,"totalFrames":720,"htmlInCanvasDetected":false,"lowMemoryMode":false,"deInversionEligible":false,"deParallelRouterEligible":false}
[INFO] [Render:trace] {"renderJobId":"479451fa-4133-4f2c-8b31-cbb0a5ac362c","phase":"worker_resolution","status":"checkpoint","elapsedMs":789,"message":"resolved","workerCount":1}
[INFO] streaming-encode gate {"renderJobId":"479451fa-4133-4f2c-8b31-cbb0a5ac362c","enabled":true,"reason":"single_worker","configFlag":true,"durationCapEnabled":false,"outputFormat":"mp4","workerCount":1,"durationSeconds":30,"maxDurationSeconds":240}
[INFO] [Render:trace] {"renderJobId":"479451fa-4133-4f2c-8b31-cbb0a5ac362c","phase":"capture_strategy","status":"checkpoint","elapsedMs":790,"message":"resolved","workerCount":1,"forceScreenshot":false,"captureBeyondViewport":null,"useStreamingEncode":true,"useLayeredComposite":false,"usePageSideCompositing":false,"hasHdrContent":false,"hasShaderTransitions":false,"isPngSequence":false}
[INFO] [Render:trace] {"renderJobId":"479451fa-4133-4f2c-8b31-cbb0a5ac362c","phase":"capture_streaming","status":"start","elapsedMs":790,"stagePhase":"capturing","workerCount":1,"forceScreenshot":false,"totalFrames":720,"framesCompleted":0,"captureMode":"drawelement","captureOperation":"drawElement"}
[BrowserManager] Browser launched (HeadlessChrome/152.0.7977.30, screenshot, gl=--use-gl=angle --use-angle=metal, headlessShell=true, platform=darwin)
[initSession:screenshot] page.goto start (0ms)
[initSession:screenshot] page.goto complete (185ms)
[initSession:screenshot] GSAP proxy flush complete (187ms)
[HyperFrames] render runtime fps {"canonicalFps":24,"source":"render-options","rawFpsSource":"render-options","rawFps":24}
[initSession:screenshot] pollHfReady complete (451ms)
[initSession:screenshot] pollSubCompositionTimelines complete (ready) (453ms)
[initSession:screenshot] applyVideoMetadataHints complete (453ms)
[initSession:screenshot] media + fonts + tailwind ready (455ms)
[initSession:screenshot] timeline at-risk predictor: 0/720 frames (0%) (629ms)
[initSession:screenshot] static-frame dedup: 599/599 predicted frame(s) reusable (outcome=verified, runs=5/5, screenshots=30, seeks=31, elapsedMs=1403) (2308ms)
[initSession:screenshot] drawElement self-verify armed: 4 ground-truth frame(s) @ [180, 360, 540, 684] of 720 (2679ms)
[initSession:drawelement] drawElement canvas injected (2680ms)
[initSession:drawelement] screenshot fallback: 5 clip-boundary frame(s) (2681ms)
[initSession:drawelement] drawElement worker encode initialized (2683ms)
  ██████░░░░░░░░░░░░░░░░░░░  25%  Streaming frame 1/720
  ██████░░░░░░░░░░░░░░░░░░░  26%  Streaming frame 17/720
  ███████░░░░░░░░░░░░░░░░░░  31%  Streaming frame 85/720
  ████████░░░░░░░░░░░░░░░░░  35%  Streaming frame 133/720
  █████████░░░░░░░░░░░░░░░░  37%  Streaming frame 153/720
[INFO] [Render] drawElement self-verify passed {"renderJobId":"479451fa-4133-4f2c-8b31-cbb0a5ac362c","frame":180,"psnrDb":"inf"}
  ██████████░░░░░░░░░░░░░░░  40%  Streaming frame 197/720
  ███████████░░░░░░░░░░░░░░  44%  Streaming frame 254/720
  ███████████░░░░░░░░░░░░░░  47%  Streaming frame 289/720
  ████████████░░░░░░░░░░░░░  48%  Streaming frame 305/720
[INFO] [Render] drawElement self-verify passed {"renderJobId":"479451fa-4133-4f2c-8b31-cbb0a5ac362c","frame":360,"psnrDb":"inf"}
  █████████████░░░░░░░░░░░░  54%  Streaming frame 374/720
  ██████████████░░░░░░░░░░░  57%  Streaming frame 420/720
  ██████████████░░░░░░░░░░░  59%  Streaming frame 441/720
  ███████████████░░░░░░░░░░  63%  Streaming frame 494/720
  ████████████████░░░░░░░░░  66%  Streaming frame 534/720
[INFO] [Render] drawElement self-verify passed {"renderJobId":"479451fa-4133-4f2c-8b31-cbb0a5ac362c","frame":540,"psnrDb":"inf"}
  █████████████████░░░░░░░░  69%  Streaming frame 577/720
  █████████████████░░░░░░░░  70%  Streaming frame 593/720
[INFO] [Render] drawElement self-verify passed {"renderJobId":"479451fa-4133-4f2c-8b31-cbb0a5ac362c","frame":684,"psnrDb":"inf"}
  ███████████████████░░░░░░  77%  Streaming frame 685/720
  ████████████████████░░░░░  80%  Streaming frame 720/720
[static-dedup] reused 595/1315 frame(s) (45%), est. ~1785ms saved (avg 3ms/frame)
[INFO] [Render:trace] {"renderJobId":"479451fa-4133-4f2c-8b31-cbb0a5ac362c","phase":"capture_streaming","status":"end","elapsedMs":8582,"durationMs":7792,"stagePhase":"capturing","workerCount":1,"forceScreenshot":false,"totalFrames":720,"framesCompleted":720,"captureMode":"drawelement","captureOperation":"encode"}
[INFO] [Render:trace] {"renderJobId":"479451fa-4133-4f2c-8b31-cbb0a5ac362c","phase":"assemble","status":"start","elapsedMs":8583,"stagePhase":"capturing","hasAudio":false,"workerCount":1,"forceScreenshot":false,"totalFrames":720,"framesCompleted":720,"captureMode":"drawelement","captureOperation":"encode"}
  ██████████████████████░░░  90%  Assembling final video
[INFO] [Render:trace] {"renderJobId":"479451fa-4133-4f2c-8b31-cbb0a5ac362c","phase":"assemble","status":"end","elapsedMs":8614,"durationMs":31,"stagePhase":"capturing","hasAudio":false,"workerCount":1,"forceScreenshot":false,"totalFrames":720,"framesCompleted":720,"captureMode":"drawelement","captureOperation":"encode"}
[INFO] [Render:trace] {"renderJobId":"479451fa-4133-4f2c-8b31-cbb0a5ac362c","phase":"pipeline","status":"checkpoint","elapsedMs":8642,"message":"artifact validated","totalElapsedMs":8642}
  █████████████████████████  100%  Render complete

◇  /tmp/jangwook-hyperframes-ja.mp4
   1.1 MB · 30.0s video · rendered in 8.6s
   drawelement capture · hardware gpu · compile 0.2s · extract 0.0s · audio 0.0s · probe 0.0s · setup 0.6s · capture 7.8s · encode (during capture) 7.8s · assemble 0.0s
   Keep editing by chatting with Framey in the HyperFrames desktop app → https://hyperframes.dev/studio/download
