◆  Checking ko
[hyperframes] browserGpuMode probe → hardware (WebGL renderer vendor="Google Inc. (Apple)" renderer="ANGLE (Apple, ANGLE Metal Renderer: Apple M1, Unspecified Version)")

Lint
  ◇ 0 errors, 0 warnings

Runtime
  ◇ 0 errors, 0 warnings

Layout
  ℹ t=6.25s content_overlap #meta1 > span:nth-of-type(1) inside #meta2 > span:nth-of-type(1) "WCAG 2.2 · 1.2.1" — Two text blocks overlap and may render unreadable.
        Fix: Give each block its own zone, or mark intentional layering with data-layout-allow-overlap.
  ℹ t=6.25s content_overlap #meta1 > span:nth-of-type(2) inside #meta2 > span:nth-of-type(2) "1 / 5" — Two text blocks overlap and may render unreadable.
        Fix: Give each block its own zone, or mark intentional layering with data-layout-allow-overlap.
  ℹ t=6.25s content_overlap #title1 inside #title2 "계정 설정" — Two text blocks overlap and may render unreadable.
        Fix: Give each block its own zone, or mark intentional layering with data-layout-allow-overlap.
  ℹ t=6.25s content_overlap #body1 inside #body2 "계정 설정: 복구 코드를 발급하려면 로그인되어 있어야 합니다. 보안 열기를 선택합니다." — Two text blocks overlap and may render unreadable.
        Fix: Give each block its own zone, or mark intentional layering with data-layout-allow-overlap.
  ℹ t=6.25s content_overlap #button1 inside #button2 "보안 열기" — Two text blocks overlap and may render unreadable.
        Fix: Give each block its own zone, or mark intentional layering with data-layout-allow-overlap.
  ℹ t=12.25s content_overlap #meta2 > span:nth-of-type(1) inside #meta3 > span:nth-of-type(1) "WCAG 2.2 · 1.2.1" — Two text blocks overlap and may render unreadable.
        Fix: Give each block its own zone, or mark intentional layering with data-layout-allow-overlap.
  ℹ t=12.25s content_overlap #meta2 > span:nth-of-type(2) inside #meta3 > span:nth-of-type(2) "2 / 5" — Two text blocks overlap and may render unreadable.
        Fix: Give each block its own zone, or mark intentional layering with data-layout-allow-overlap.
  ℹ t=12.25s content_overlap #title2 inside #title3 "보안" — Two text blocks overlap and may render unreadable.
        Fix: Give each block its own zone, or mark intentional layering with data-layout-allow-overlap.
  ℹ t=12.25s content_overlap #body2 inside #body3 "보안: 복구 코드는 계정 접근을 복원하는 데 도움이 됩니다. 복구 코드 발급을 선택합니다." — Two text blocks overlap and may render unreadable.
        Fix: Give each block its own zone, or mark intentional layering with data-layout-allow-overlap.
  ℹ t=12.25s content_overlap #button2 inside #button3 "복구 코드 발급" — Two text blocks overlap and may render unreadable.
        Fix: Give each block its own zone, or mark intentional layering with data-layout-allow-overlap.
  ℹ t=18.25s content_overlap #meta3 > span:nth-of-type(1) inside #meta4 > span:nth-of-type(1) "WCAG 2.2 · 1.2.1" — Two text blocks overlap and may render unreadable.
        Fix: Give each block its own zone, or mark intentional layering with data-layout-allow-overlap.
  ℹ t=18.25s content_overlap #meta3 > span:nth-of-type(2) inside #meta4 > span:nth-of-type(2) "3 / 5" — Two text blocks overlap and may render unreadable.
        Fix: Give each block its own zone, or mark intentional layering with data-layout-allow-overlap.
  ℹ t=18.25s content_overlap #title3 inside #title4 "계속하기 전에" — Two text blocks overlap and may render unreadable.
        Fix: Give each block its own zone, or mark intentional layering with data-layout-allow-overlap.
  ℹ t=18.25s content_overlap #body3 inside #body4 "계속하기 전에: 새 코드를 만들면 이전 코드는 사용할 수 없게 됩니다. 새 코드 확인을 선택합니다." — Two text blocks overlap and may render unreadable.
        Fix: Give each block its own zone, or mark intentional layering with data-layout-allow-overlap.
  ℹ t=18.25s content_overlap #button3 inside #button4 "새 코드 확인" — Two text blocks overlap and may render unreadable.
        Fix: Give each block its own zone, or mark intentional layering with data-layout-allow-overlap.
  ℹ t=18.33s text_occluded #meta3 > span:nth-of-type(1) inside #scene4 "WCAG 2.2 · 1.2.1" — Text is hidden beneath an opaque element.
        Fix: Give the text its own zone, raise its stacking order above the covering element, or mark intentional layering with data-layout-allow-occlusion.
  ℹ t=18.33s text_occluded #meta3 > span:nth-of-type(2) inside #scene4 "3 / 5" — Text is hidden beneath an opaque element.
        Fix: Give the text its own zone, raise its stacking order above the covering element, or mark intentional layering with data-layout-allow-occlusion.
  ℹ t=18.33s text_occluded #note3 inside #scene4 > div:nth-of-type(1) > div:nth-of-type(2) "교육용 화면 · 실제 계정이나 코드가 없습니다" — Text is hidden beneath an opaque element.
        Fix: Give the text its own zone, raise its stacking order above the covering element, or mark intentional layering with data-layout-allow-occlusion.
  ℹ t=18.33s text_occluded #title3 inside #scene4 > div:nth-of-type(1) > div:nth-of-type(2) "계속하기 전에" — Text is hidden beneath an opaque element.
        Fix: Give the text its own zone, raise its stacking order above the covering element, or mark intentional layering with data-layout-allow-occlusion.
  ℹ t=18.33s text_occluded #body3 inside #body4 "계속하기 전에: 새 코드를 만들면 이전 코드는 사용할 수 없게 됩니다. 새 코드 확인을 선택합니다." — Text is hidden beneath an opaque element.
        Fix: Give the text its own zone, raise its stacking order above the covering element, or mark intentional layering with data-layout-allow-occlusion.
  ℹ t=18.33s text_occluded #button3 inside #button4 "새 코드 확인" — Text is hidden beneath an opaque element.
        Fix: Give the text its own zone, raise its stacking order above the covering element, or mark intentional layering with data-layout-allow-occlusion.
  ℹ t=24.25s content_overlap #meta4 > span:nth-of-type(1) inside #meta5 > span:nth-of-type(1) "WCAG 2.2 · 1.2.1" — Two text blocks overlap and may render unreadable.
        Fix: Give each block its own zone, or mark intentional layering with data-layout-allow-overlap.
  ℹ t=24.25s content_overlap #meta4 > span:nth-of-type(2) inside #meta5 > span:nth-of-type(2) "4 / 5" — Two text blocks overlap and may render unreadable.
        Fix: Give each block its own zone, or mark intentional layering with data-layout-allow-overlap.
  ℹ t=24.25s content_overlap #title4 inside #title5 "복구 코드 발급 완료" — Two text blocks overlap and may render unreadable.
        Fix: Give each block its own zone, or mark intentional layering with data-layout-allow-overlap.
  ℹ t=24.25s content_overlap #body4 inside #body5 "복구 코드 발급 완료: 안전한 곳에 저장합니다. 이 예시는 실제 코드를 표시하지 않습니다. 코드를 저장했습니다를 선택합니다." — Two text blocks overlap and may render unreadable.
        Fix: Give each block its own zone, or mark intentional layering with data-layout-allow-overlap.
  ℹ t=24.25s content_overlap #button4 inside #button5 "코드를 저장했습니다" — Two text blocks overlap and may render unreadable.
        Fix: Give each block its own zone, or mark intentional layering with data-layout-allow-overlap.
  0 error(s), 0 warning(s), 26 info(s)

Motion
  ◇ 0 errors, 0 warnings

Contrast
  ◇ 30/30 text checks pass WCAG AA

Snapshots
  ◇ disabled

◇  Check passed
