
◆  Rendering zh → /tmp/jangwook-hyperframes-zh.mp4
   24fps · standard · 1 workers
   GPU: browser GPU (auto-detect)

[?25l│
◒  Checking browser[1G[J◇  Browser: cache
[?25h[INFO] [Render] Pipeline started {"renderJobId":"3d00e72c-1aca-41d1-b129-d0332cb9231f","platform":"darwin","arch":"arm64","nodeVersion":"v26.8.1","fps":{"num":24,"den":1},"format":"mp4","quality":"standard","browserGpuMode":"auto","forceScreenshot":false,"protocolTimeout":300000,"browserTimeout":120000,"pageNavigationTimeout":60000,"playerReadyTimeout":45000}
[INFO] [Render:trace] {"renderJobId":"3d00e72c-1aca-41d1-b129-d0332cb9231f","phase":"pipeline","status":"checkpoint","elapsedMs":2,"message":"started","format":"mp4","quality":"standard","browserGpuMode":"auto","forceScreenshot":false,"protocolTimeoutMs":300000,"pageNavigationTimeoutMs":60000,"playerReadyTimeoutMs":45000,"requestedWorkers":1}
[INFO] [Render:trace] {"renderJobId":"3d00e72c-1aca-41d1-b129-d0332cb9231f","phase":"compile","status":"start","elapsedMs":3,"needsAlpha":false}
  █░░░░░░░░░░░░░░░░░░░░░░░░  5%  Compiling composition
[INFO] [Compiler] Inlined CDN script: https://cdn.jsdelivr.net/npm/gsap@3.14.2/dist/gsap.min.js
[INFO] Compiled composition metadata {"renderJobId":"3d00e72c-1aca-41d1-b129-d0332cb9231f","entryFile":"index.html","staticDuration":30,"width":1280,"height":800,"videoCount":0,"audioCount":0,"renderModeHints":{"recommendScreenshot":false,"reasons":[]}}
[INFO] [Render:trace] {"renderJobId":"3d00e72c-1aca-41d1-b129-d0332cb9231f","phase":"compile","status":"end","elapsedMs":147,"durationMs":144,"needsAlpha":false}
[INFO] [Render:trace] {"renderJobId":"3d00e72c-1aca-41d1-b129-d0332cb9231f","phase":"compile","status":"checkpoint","elapsedMs":147,"message":"composition metadata resolved","width":1280,"height":800,"videoCount":0,"audioCount":0,"imageCount":0,"deviceScaleFactor":1,"forceScreenshot":false,"compositionHash":"ab452bb800e24764"}
[INFO] [Render:trace] {"renderJobId":"3d00e72c-1aca-41d1-b129-d0332cb9231f","phase":"browser_probe","status":"start","elapsedMs":147,"forceScreenshot":false,"stagePhase":"calibrating"}
[INFO] [Render:trace] {"renderJobId":"3d00e72c-1aca-41d1-b129-d0332cb9231f","phase":"browser_probe","status":"end","elapsedMs":182,"durationMs":35,"forceScreenshot":false,"stagePhase":"calibrating"}
[INFO] [Render:trace] {"renderJobId":"3d00e72c-1aca-41d1-b129-d0332cb9231f","phase":"browser_probe","status":"checkpoint","elapsedMs":183,"message":"duration resolved","durationSeconds":30,"totalFrames":720,"compositionHash":"ab452bb800e24764","beginFrameStalled":false}
[INFO] [Render:trace] {"renderJobId":"3d00e72c-1aca-41d1-b129-d0332cb9231f","phase":"video_extract","status":"start","elapsedMs":183,"videoCount":0}
  ██░░░░░░░░░░░░░░░░░░░░░░░  10%  Extracting video frames
[INFO] [Render:trace] {"renderJobId":"3d00e72c-1aca-41d1-b129-d0332cb9231f","phase":"video_extract","status":"end","elapsedMs":183,"durationMs":0,"videoCount":0}
[INFO] [Render:trace] {"renderJobId":"3d00e72c-1aca-41d1-b129-d0332cb9231f","phase":"video_extract","status":"checkpoint","elapsedMs":184,"message":"frames resolved","videoCount":0,"extractedVideoCount":0,"totalFramesExtracted":0,"maxFramesPerVideo":0,"avgFramesPerExtractedVideo":null,"vfrPreflightCount":null,"vfrPreflightMs":null,"cacheHits":null,"cacheMisses":null,"transientRetries":null,"minVideoFrameCoverageRatio":null,"authoredTimedClipCount":1}
[INFO] [Render] No HDR sources detected — rendering SDR {"renderJobId":"3d00e72c-1aca-41d1-b129-d0332cb9231f"}
[INFO] [Render:trace] {"renderJobId":"3d00e72c-1aca-41d1-b129-d0332cb9231f","phase":"hdr_detection","status":"checkpoint","elapsedMs":184,"message":"resolved","requestedHdrMode":"auto","effectiveHdr":"sdr","nativeHdrVideoCount":0,"nativeHdrImageCount":0}
[INFO] [Render:trace] {"renderJobId":"3d00e72c-1aca-41d1-b129-d0332cb9231f","phase":"audio_process","status":"start","elapsedMs":184,"audioCount":0}
[INFO] [Render:trace] {"renderJobId":"3d00e72c-1aca-41d1-b129-d0332cb9231f","phase":"audio_process","status":"end","elapsedMs":184,"durationMs":0,"audioCount":0}
  █████░░░░░░░░░░░░░░░░░░░░  20%  Processing audio tracks
[INFO] [Render:trace] {"renderJobId":"3d00e72c-1aca-41d1-b129-d0332cb9231f","phase":"file_server","status":"start","elapsedMs":184,"reused":false}
  ██████░░░░░░░░░░░░░░░░░░░  25%  Starting frame capture
[INFO] [Render:trace] {"renderJobId":"3d00e72c-1aca-41d1-b129-d0332cb9231f","phase":"file_server","status":"end","elapsedMs":186,"durationMs":2}
  ██████░░░░░░░░░░░░░░░░░░░  25%  Checking browser GPU
[hyperframes] browserGpuMode probe → hardware (WebGL renderer vendor="Google Inc. (Apple)" renderer="ANGLE (Apple, ANGLE Metal Renderer: Apple M1, Unspecified Version)")
[INFO] [Render:trace] {"renderJobId":"3d00e72c-1aca-41d1-b129-d0332cb9231f","phase":"capture_calibration","status":"checkpoint","elapsedMs":688,"message":"skipped","requestedWorkers":1,"totalFrames":720,"htmlInCanvasDetected":false,"lowMemoryMode":false,"deInversionEligible":false,"deParallelRouterEligible":false}
[INFO] [Render:trace] {"renderJobId":"3d00e72c-1aca-41d1-b129-d0332cb9231f","phase":"worker_resolution","status":"checkpoint","elapsedMs":689,"message":"resolved","workerCount":1}
[INFO] streaming-encode gate {"renderJobId":"3d00e72c-1aca-41d1-b129-d0332cb9231f","enabled":true,"reason":"single_worker","configFlag":true,"durationCapEnabled":false,"outputFormat":"mp4","workerCount":1,"durationSeconds":30,"maxDurationSeconds":240}
[INFO] [Render:trace] {"renderJobId":"3d00e72c-1aca-41d1-b129-d0332cb9231f","phase":"capture_strategy","status":"checkpoint","elapsedMs":689,"message":"resolved","workerCount":1,"forceScreenshot":false,"captureBeyondViewport":null,"useStreamingEncode":true,"useLayeredComposite":false,"usePageSideCompositing":false,"hasHdrContent":false,"hasShaderTransitions":false,"isPngSequence":false}
[INFO] [Render:trace] {"renderJobId":"3d00e72c-1aca-41d1-b129-d0332cb9231f","phase":"capture_streaming","status":"start","elapsedMs":690,"stagePhase":"capturing","workerCount":1,"forceScreenshot":false,"totalFrames":720,"framesCompleted":0,"captureMode":"drawelement","captureOperation":"drawElement"}
[BrowserManager] Browser launched (HeadlessChrome/152.0.7977.30, screenshot, gl=--use-gl=angle --use-angle=metal, headlessShell=true, platform=darwin)
[initSession:screenshot] page.goto start (1ms)
[initSession:screenshot] page.goto complete (186ms)
[initSession:screenshot] GSAP proxy flush complete (188ms)
[HyperFrames] render runtime fps {"canonicalFps":24,"source":"render-options","rawFpsSource":"render-options","rawFps":24}
[initSession:screenshot] pollHfReady complete (434ms)
[initSession:screenshot] pollSubCompositionTimelines complete (ready) (435ms)
[initSession:screenshot] applyVideoMetadataHints complete (435ms)
[initSession:screenshot] media + fonts + tailwind ready (437ms)
[initSession:screenshot] timeline at-risk predictor: 0/720 frames (0%) (487ms)
[initSession:screenshot] static-frame dedup: 599/599 predicted frame(s) reusable (outcome=verified, runs=5/5, screenshots=30, seeks=31, elapsedMs=1168) (1930ms)
[initSession:screenshot] drawElement self-verify armed: 4 ground-truth frame(s) @ [180, 360, 540, 684] of 720 (2295ms)
[initSession:drawelement] drawElement canvas injected (2296ms)
[initSession:drawelement] screenshot fallback: 5 clip-boundary frame(s) (2297ms)
[initSession:drawelement] drawElement worker encode initialized (2302ms)
  ██████░░░░░░░░░░░░░░░░░░░  25%  Streaming frame 1/720
  ██████░░░░░░░░░░░░░░░░░░░  26%  Streaming frame 17/720
  ████████░░░░░░░░░░░░░░░░░  33%  Streaming frame 101/720
  █████████░░░░░░░░░░░░░░░░  36%  Streaming frame 149/720
  █████████░░░░░░░░░░░░░░░░  39%  Streaming frame 179/720
[INFO] [Render] drawElement self-verify passed {"renderJobId":"3d00e72c-1aca-41d1-b129-d0332cb9231f","frame":180,"psnrDb":"inf"}
  ██████████░░░░░░░░░░░░░░░  42%  Streaming frame 217/720
  ███████████░░░░░░░░░░░░░░  46%  Streaming frame 274/720
  ████████████░░░░░░░░░░░░░  48%  Streaming frame 297/720
  ████████████░░░░░░░░░░░░░  51%  Streaming frame 341/720
[INFO] [Render] drawElement self-verify passed {"renderJobId":"3d00e72c-1aca-41d1-b129-d0332cb9231f","frame":360,"psnrDb":"inf"}
  █████████████░░░░░░░░░░░░  55%  Streaming frame 396/720
  ██████████████░░░░░░░░░░░  58%  Streaming frame 437/720
  ███████████████░░░░░░░░░░  60%  Streaming frame 464/720
  ████████████████░░░░░░░░░  64%  Streaming frame 509/720
[INFO] [Render] drawElement self-verify passed {"renderJobId":"3d00e72c-1aca-41d1-b129-d0332cb9231f","frame":540,"psnrDb":"inf"}
  █████████████████░░░░░░░░  68%  Streaming frame 563/720
  █████████████████░░░░░░░░  70%  Streaming frame 585/720
  ██████████████████░░░░░░░  73%  Streaming frame 626/720
  ███████████████████░░░░░░  77%  Streaming frame 679/720
[INFO] [Render] drawElement self-verify passed {"renderJobId":"3d00e72c-1aca-41d1-b129-d0332cb9231f","frame":684,"psnrDb":"inf"}
  ████████████████████░░░░░  80%  Streaming frame 720/720
[static-dedup] reused 595/1315 frame(s) (45%), est. ~1785ms saved (avg 3ms/frame)
[INFO] [Render:trace] {"renderJobId":"3d00e72c-1aca-41d1-b129-d0332cb9231f","phase":"capture_streaming","status":"end","elapsedMs":7943,"durationMs":7253,"stagePhase":"capturing","workerCount":1,"forceScreenshot":false,"totalFrames":720,"framesCompleted":720,"captureMode":"drawelement","captureOperation":"encode"}
[INFO] [Render:trace] {"renderJobId":"3d00e72c-1aca-41d1-b129-d0332cb9231f","phase":"assemble","status":"start","elapsedMs":7943,"stagePhase":"capturing","hasAudio":false,"workerCount":1,"forceScreenshot":false,"totalFrames":720,"framesCompleted":720,"captureMode":"drawelement","captureOperation":"encode"}
  ██████████████████████░░░  90%  Assembling final video
[INFO] [Render:trace] {"renderJobId":"3d00e72c-1aca-41d1-b129-d0332cb9231f","phase":"assemble","status":"end","elapsedMs":7983,"durationMs":40,"stagePhase":"capturing","hasAudio":false,"workerCount":1,"forceScreenshot":false,"totalFrames":720,"framesCompleted":720,"captureMode":"drawelement","captureOperation":"encode"}
[INFO] [Render:trace] {"renderJobId":"3d00e72c-1aca-41d1-b129-d0332cb9231f","phase":"pipeline","status":"checkpoint","elapsedMs":8019,"message":"artifact validated","totalElapsedMs":8017}
  █████████████████████████  100%  Render complete

◇  /tmp/jangwook-hyperframes-zh.mp4
   960.2 KB · 30.0s video · rendered in 8.0s
   drawelement capture · hardware gpu · compile 0.2s · extract 0.0s · audio 0.0s · probe 0.0s · setup 0.5s · capture 7.3s · encode (during capture) 7.3s · assemble 0.0s
   Keep editing by chatting with Framey in the HyperFrames desktop app → https://hyperframes.dev/studio/download
