
 ⛅️ wrangler 4.145.0 (update available 4.147.0)
───────────────────────────────────────────────
Created:     2026-10-01T20:55:47.207Z
Author:      kim.jangwook.1029@gmail.com
Source:      Unknown (deployment)
Message:     -
Version(s):  (100%) 7c2fff47-e8f4-4aa8-8366-2e62c873ee07
                 Created:  2026-10-01T20:55:45.956Z
                     Tag:  -
                 Message:  -

Created:     2026-10-01T21:03:02.056Z
Author:      kim.jangwook.1029@gmail.com
Source:      Unknown (deployment)
Message:     -
Version(s):  (100%) ff57b9cd-06b8-4829-934c-01f5d12ba273
                 Created:  2026-10-01T21:03:00.798Z
                     Tag:  -
                 Message:  -

Created:     2026-10-01T21:54:35.606Z
Author:      kim.jangwook.1029@gmail.com
Source:      Unknown (deployment)
Message:     -
Version(s):  (100%) 4dc79a8e-37dd-45da-b358-d6c0424a8978
                 Created:  2026-10-01T21:54:34.163Z
                     Tag:  -
                 Message:  -

Created:     2026-10-02T08:28:23.021Z
Author:      kim.jangwook.1029@gmail.com
Source:      Unknown (deployment)
Message:     -
Version(s):  (100%) 67722fae-83b8-47f0-933c-4c70e70d68b3
                 Created:  2026-10-02T08:28:21.381Z
                     Tag:  -
                 Message:  -

Created:     2026-10-03T09:41:28.385Z
Author:      kim.jangwook.1029@gmail.com
Source:      Unknown (deployment)
Message:     -
Version(s):  (100%) a911bb61-55a4-462c-b5ab-cfc937c4a891
                 Created:  2026-10-03T09:41:27.353Z
                     Tag:  -
                 Message:  -

Created:     2026-10-03T13:46:02.832Z
Author:      kim.jangwook.1029@gmail.com
Source:      Unknown (deployment)
Message:     -
Version(s):  (100%) 021bf11f-ea2e-418f-a60b-624a1e029c07
                 Created:  2026-10-03T13:46:01.710Z
                     Tag:  -
                 Message:  -

Created:     2026-10-05T13:16:12.191Z
Author:      kim.jangwook.1029@gmail.com
Source:      Unknown (deployment)
Message:     -
Version(s):  (100%) 4501b66a-b764-4db0-ad0c-fff773e59aa4
                 Created:  2026-10-05T13:16:09.479Z
                     Tag:  -
                 Message:  -

Created:     2026-10-05T13:20:47.987Z
Author:      kim.jangwook.1029@gmail.com
Source:      Unknown (deployment)
Message:     -
Version(s):  (100%) 957fc4fc-3883-409b-855a-376df1e6caf9
                 Created:  2026-10-05T13:20:46.668Z
                     Tag:  -
                 Message:  -

Created:     2026-10-05T13:42:24.995Z
Author:      kim.jangwook.1029@gmail.com
Source:      Unknown (deployment)
Message:     -
Version(s):  (100%) a5165eaf-2a89-4ec5-a3cf-95b96c882768
                 Created:  2026-10-05T13:42:23.393Z
                     Tag:  -
                 Message:  -

Created:     2026-10-05T14:20:15.583Z
Author:      kim.jangwook.1029@gmail.com
Source:      Unknown (deployment)
Message:     -
Version(s):  (100%) d8456636-cb66-4f37-a683-49d2a3fc7130
                 Created:  2026-10-05T14:20:13.535Z
                     Tag:  -
                 Message:  -
