
 ⛅️ wrangler 4.145.0 (update available 4.147.0)
───────────────────────────────────────────────
🌀 Building list of assets...
✨ Read 2323 files from the assets directory /private/var/folders/c9/dq96xgqs6mgbxl8k80c4blb00000gn/T/jangwook-labs-release-20261005-2tukq1dw/.svelte-kit/cloudflare
🌀 Starting asset upload...
🌀 Found 8 new or modified static assets to upload. Proceeding with upload...
+ /_app/version.json
+ /_app/immutable/nodes/1.G4vzeMw3.js
+ /_app/immutable/entry/app.Dj3tqUyx.js
+ /_app/immutable/entry/start.DhlX_NbE.js
+ /lab-fixtures/media-1.2.1/provenance.json
+ /_app/immutable/chunks/Bz-Y8-_s.js
+ /_app/immutable/chunks/C8nGOBS-.js
+ /_app/immutable/nodes/0.DjckyqoM.js
Uploaded 2 of 8 assets
Uploaded 5 of 8 assets
Uploaded 8 of 8 assets
✨ Success! Uploaded 8 files (2266 already uploaded) (1.81 sec)

Total Upload: 4363.51 KiB / gzip: 763.27 KiB
Worker Startup Time: 22 ms
Your Worker has access to the following bindings:
Binding                                        Resource                  
env.LEADS_DB (jangwook-leads)                  D1 Database               
env.ASSETS                                     Assets                    
env.MAIL_MODE ("disabled")                     Environment Variable      
env.SITE_URL ("https://jangwook.net")          Environment Variable      
env.FROM_EMAIL ("materials@jangwook.net")      Environment Variable      

Uploaded www-jangwook-net (10.45 sec)
Deployed www-jangwook-net triggers (2.40 sec)
  jangwook.net (custom domain)
  www.jangwook.net (custom domain)
  schedule: 17 18 * * *
Current Version ID: 957fc4fc-3883-409b-855a-376df1e6caf9
