
 ⛅️ wrangler 4.145.0 (update available 4.147.0)
───────────────────────────────────────────────
Resource location: local 

Use --remote if you want to access the remote instance.

Migrations to be applied:
┌────────────────────────────┐
│ name                       │
├────────────────────────────┤
│ 0001_leads.sql             │
├────────────────────────────┤
│ 0002_management_tokens.sql │
├────────────────────────────┤
│ 0003_confirmed_consent.sql │
└────────────────────────────┘
? About to apply 3 migration(s)
Your database may not be available to serve requests during the migration, continue?
🤖 Using fallback value in non-interactive context: yes
🌀 Executing on local database LEADS_DB (local-only-not-provisioned) from .wrangler/state/v3/d1:
🌀 To execute on your remote database, add a --remote flag to your wrangler command.
🚣 11 commands executed successfully.
┌────────────────────────────┬────────┐
│ name                       │ status │
├────────────────────────────┼────────┤
│ 0001_leads.sql             │ ✅     │
├────────────────────────────┼────────┤
│ 0002_management_tokens.sql │ 🕒️    │
├────────────────────────────┼────────┤
│ 0003_confirmed_consent.sql │ 🕒️    │
└────────────────────────────┴────────┘
🌀 Executing on local database LEADS_DB (local-only-not-provisioned) from .wrangler/state/v3/d1:
🌀 To execute on your remote database, add a --remote flag to your wrangler command.
🚣 4 commands executed successfully.
┌────────────────────────────┬────────┐
│ name                       │ status │
├────────────────────────────┼────────┤
│ 0001_leads.sql             │ ✅     │
├────────────────────────────┼────────┤
│ 0002_management_tokens.sql │ ✅     │
├────────────────────────────┼────────┤
│ 0003_confirmed_consent.sql │ 🕒️    │
└────────────────────────────┴────────┘
🌀 Executing on local database LEADS_DB (local-only-not-provisioned) from .wrangler/state/v3/d1:
🌀 To execute on your remote database, add a --remote flag to your wrangler command.
🚣 2 commands executed successfully.
┌────────────────────────────┬────────┐
│ name                       │ status │
├────────────────────────────┼────────┤
│ 0001_leads.sql             │ ✅     │
├────────────────────────────┼────────┤
│ 0002_management_tokens.sql │ ✅     │
├────────────────────────────┼────────┤
│ 0003_confirmed_consent.sql │ ✅     │
└────────────────────────────┴────────┘
